---
http_interactions:
- request:
    method: get
    uri: https://maps.googleapis.com/maps/api/geocode/json?address=1583%20Newton%20St%20Denver%20CO&key=google_api_key
    body:
      encoding: US-ASCII
      string: ''
    headers:
      User-Agent:
      - Faraday v2.3.0
      Accept-Encoding:
      - gzip;q=1.0,deflate;q=0.6,identity;q=0.3
      Accept:
      - "*/*"
  response:
    status:
      code: 200
      message: OK
    headers:
      Content-Type:
      - application/json; charset=UTF-8
      Date:
      - Mon, 06 Jun 2022 17:04:22 GMT
      Pragma:
      - no-cache
      Expires:
      - Fri, 01 Jan 1990 00:00:00 GMT
      Cache-Control:
      - no-cache, must-revalidate
      Vary:
      - Accept-Language
      Access-Control-Allow-Origin:
      - "*"
      X-Goog-Maps-Metro-Area:
      - Denver, CO
      Server:
      - mafe
      X-Xss-Protection:
      - '0'
      X-Frame-Options:
      - SAMEORIGIN
      Server-Timing:
      - gfet4t7; dur=42
      Alt-Svc:
      - h3=":443"; ma=2592000,h3-29=":443"; ma=2592000,h3-Q050=":443"; ma=2592000,h3-Q046=":443";
        ma=2592000,h3-Q043=":443"; ma=2592000,quic=":443"; ma=2592000; v="46,43"
      Transfer-Encoding:
      - chunked
    body:
      encoding: ASCII-8BIT
      string: |
        {
           "results" : [
              {
                 "address_components" : [
                    {
                       "long_name" : "1583",
                       "short_name" : "1583",
                       "types" : [ "street_number" ]
                    },
                    {
                       "long_name" : "Newton Street",
                       "short_name" : "Newton St",
                       "types" : [ "route" ]
                    },
                    {
                       "long_name" : "West",
                       "short_name" : "West",
                       "types" : [ "neighborhood", "political" ]
                    },
                    {
                       "long_name" : "Denver",
                       "short_name" : "Denver",
                       "types" : [ "locality", "political" ]
                    },
                    {
                       "long_name" : "Denver County",
                       "short_name" : "Denver County",
                       "types" : [ "administrative_area_level_2", "political" ]
                    },
                    {
                       "long_name" : "Colorado",
                       "short_name" : "CO",
                       "types" : [ "administrative_area_level_1", "political" ]
                    },
                    {
                       "long_name" : "United States",
                       "short_name" : "US",
                       "types" : [ "country", "political" ]
                    },
                    {
                       "long_name" : "80204",
                       "short_name" : "80204",
                       "types" : [ "postal_code" ]
                    },
                    {
                       "long_name" : "1565",
                       "short_name" : "1565",
                       "types" : [ "postal_code_suffix" ]
                    }
                 ],
                 "formatted_address" : "1583 Newton St, Denver, CO 80204, USA",
                 "geometry" : {
                    "bounds" : {
                       "northeast" : {
                          "lat" : 39.74241689999999,
                          "lng" : -105.0371777
                       },
                       "southwest" : {
                          "lat" : 39.7423384,
                          "lng" : -105.0373722
                       }
                    },
                    "location" : {
                       "lat" : 39.7423858,
                       "lng" : -105.0372717
                    },
                    "location_type" : "ROOFTOP",
                    "viewport" : {
                       "northeast" : {
                          "lat" : 39.7437266302915,
                          "lng" : -105.0358316697085
                       },
                       "southwest" : {
                          "lat" : 39.7410286697085,
                          "lng" : -105.0385296302915
                       }
                    }
                 },
                 "place_id" : "ChIJ73IN71mHa4cR5hKjKU2s2mU",
                 "types" : [ "premise" ]
              }
           ],
           "status" : "OK"
        }
  recorded_at: Mon, 06 Jun 2022 17:04:22 GMT
- request:
    method: get
    uri: https://maps.googleapis.com/maps/api/geocode/json?address=2300%20Steele%20St%20Denver%20CO&key=google_api_key
    body:
      encoding: US-ASCII
      string: ''
    headers:
      User-Agent:
      - Faraday v2.3.0
      Accept-Encoding:
      - gzip;q=1.0,deflate;q=0.6,identity;q=0.3
      Accept:
      - "*/*"
  response:
    status:
      code: 200
      message: OK
    headers:
      Content-Type:
      - application/json; charset=UTF-8
      Date:
      - Mon, 06 Jun 2022 17:04:22 GMT
      Pragma:
      - no-cache
      Expires:
      - Fri, 01 Jan 1990 00:00:00 GMT
      Cache-Control:
      - no-cache, must-revalidate
      Vary:
      - Accept-Language
      Access-Control-Allow-Origin:
      - "*"
      X-Goog-Maps-Metro-Area:
      - Denver, CO
      Server:
      - mafe
      X-Xss-Protection:
      - '0'
      X-Frame-Options:
      - SAMEORIGIN
      Server-Timing:
      - gfet4t7; dur=34
      Alt-Svc:
      - h3=":443"; ma=2592000,h3-29=":443"; ma=2592000,h3-Q050=":443"; ma=2592000,h3-Q046=":443";
        ma=2592000,h3-Q043=":443"; ma=2592000,quic=":443"; ma=2592000; v="46,43"
      Transfer-Encoding:
      - chunked
    body:
      encoding: ASCII-8BIT
      string: |
        {
           "results" : [
              {
                 "address_components" : [
                    {
                       "long_name" : "2300",
                       "short_name" : "2300",
                       "types" : [ "street_number" ]
                    },
                    {
                       "long_name" : "Steele Street",
                       "short_name" : "Steele St",
                       "types" : [ "route" ]
                    },
                    {
                       "long_name" : "Denver",
                       "short_name" : "Denver",
                       "types" : [ "locality", "political" ]
                    },
                    {
                       "long_name" : "Denver County",
                       "short_name" : "Denver County",
                       "types" : [ "administrative_area_level_2", "political" ]
                    },
                    {
                       "long_name" : "Colorado",
                       "short_name" : "CO",
                       "types" : [ "administrative_area_level_1", "political" ]
                    },
                    {
                       "long_name" : "United States",
                       "short_name" : "US",
                       "types" : [ "country", "political" ]
                    },
                    {
                       "long_name" : "80205",
                       "short_name" : "80205",
                       "types" : [ "postal_code" ]
                    }
                 ],
                 "formatted_address" : "2300 Steele St, Denver, CO 80205, USA",
                 "geometry" : {
                    "bounds" : {
                       "northeast" : {
                          "lat" : 39.7512038,
                          "lng" : -104.9447319
                       },
                       "southwest" : {
                          "lat" : 39.7474408,
                          "lng" : -104.9564396
                       }
                    },
                    "location" : {
                       "lat" : 39.7491023,
                       "lng" : -104.9520274
                    },
                    "location_type" : "GEOMETRIC_CENTER",
                    "viewport" : {
                       "northeast" : {
                          "lat" : 39.7512038,
                          "lng" : -104.9447319
                       },
                       "southwest" : {
                          "lat" : 39.7474408,
                          "lng" : -104.9564396
                       }
                    }
                 },
                 "place_id" : "ChIJGbAaIE55bIcRAoqv1-bazkw",
                 "types" : [ "premise" ]
              }
           ],
           "status" : "OK"
        }
  recorded_at: Mon, 06 Jun 2022 17:04:22 GMT
- request:
    method: get
    uri: https://maps.googleapis.com/maps/api/place/nearbysearch/json?key=google_api_key&location=39.74574405,-104.99464955&radius=1500&type=cafe
    body:
      encoding: US-ASCII
      string: ''
    headers:
      User-Agent:
      - Faraday v2.3.0
      Accept-Encoding:
      - gzip;q=1.0,deflate;q=0.6,identity;q=0.3
      Accept:
      - "*/*"
  response:
    status:
      code: 200
      message: OK
    headers:
      Content-Type:
      - application/json; charset=UTF-8
      Date:
      - Mon, 06 Jun 2022 17:04:22 GMT
      Expires:
      - Mon, 06 Jun 2022 17:09:22 GMT
      Cache-Control:
      - public, max-age=300
      Vary:
      - Accept-Language
      Server:
      - scaffolding on HTTPServer2
      Content-Length:
      - '6970'
      X-Xss-Protection:
      - '0'
      X-Frame-Options:
      - SAMEORIGIN
      Server-Timing:
      - gfet4t7; dur=113
      Alt-Svc:
      - h3=":443"; ma=2592000,h3-29=":443"; ma=2592000,h3-Q050=":443"; ma=2592000,h3-Q046=":443";
        ma=2592000,h3-Q043=":443"; ma=2592000,quic=":443"; ma=2592000; v="46,43"
    body:
      encoding: ASCII-8BIT
      string: |
        {
           "html_attributions" : [],
           "next_page_token" : "Aap_uEBswYNma8Op27NtkyJ_qGLwU6DaH317iAfsTl2UXwKefXAvdF6n41TTzUt9K1Y2s1XODVFTghMkg0_raR1vZJ7LaS6YCKFN7t9VhDknXoo5Dac7MnOz4lIcit-RXc-9ve_wfOPzRcECFb7Ao1IBVbrKICerkAOqXmKep0kULaq23fbBBubU4g3qIO9Cwp6ap-mM62Q1Fdbi_J0pbLM6ftz28JrwgEiRvjMTvtBiyW36i7tfgwtQuMVsWM-0XNURfWcNItRBSGBzyxKByJm8eulJ71gbldJMwDlLUX1Yry7_1Zisc7MEV3jUCSRNyaCPAGYo-Ol0Hiu9kerKe7gF2yOF3AnEaXo7dBMN6wjVNWnYy2sjd1OE-d2AzVgAQtB9yIoJhTTTLbqaKjoJrrZDE4r-2r6bMUy1qYkzKiVi4KspxK34bpTP",
           "results" : [
              {
                 "business_status" : "OPERATIONAL",
                 "geometry" : {
                    "location" : {
                       "lat" : 39.7508417,
                       "lng" : -104.9853639
                    },
                    "viewport" : {
                       "northeast" : {
                          "lat" : 39.7521314302915,
                          "lng" : -104.9838426697085
                       },
                       "southwest" : {
                          "lat" : 39.7494334697085,
                          "lng" : -104.9865406302915
                       }
                    }
                 },
                 "icon" : "https://maps.gstatic.com/mapfiles/place_api/icons/v1/png_71/generic_business-71.png",
                 "icon_background_color" : "#13B5C7",
                 "icon_mask_base_uri" : "https://maps.gstatic.com/mapfiles/place_api/icons/v2/generic_pinlet",
                 "name" : "Mercury Cafe",
                 "opening_hours" : {
                    "open_now" : false
                 },
                 "photos" : [
                    {
                       "height" : 1079,
                       "html_attributions" : [
                          "\u003ca href=\"https://maps.google.com/maps/contrib/117715928410483899214\"\u003eShelley Seale\u003c/a\u003e"
                       ],
                       "photo_reference" : "Aap_uECgMDRRmeMXJYcP4NqId_xN72fNE3QXU0WTfh5dBGMvxAFBnnbK5lH-QUDOXOFKYZd8Yo832jIUTILcdUduGR8byae6wH0cjYyH8sfxLZyCHsub63OCzsQmsQV1x395dmAKwdi1VObYI5Iig6tS6b17SKqmw9oMMGqvv5KUCc1Ipie0",
                       "width" : 1440
                    }
                 ],
                 "place_id" : "ChIJl7-Ogyd5bIcRTgzca2cfXmw",
                 "plus_code" : {
                    "compound_code" : "Q227+8V Denver, CO, USA",
                    "global_code" : "85FQQ227+8V"
                 },
                 "price_level" : 2,
                 "rating" : 4.5,
                 "reference" : "ChIJl7-Ogyd5bIcRTgzca2cfXmw",
                 "scope" : "GOOGLE",
                 "types" : [
                    "cafe",
                    "store",
                    "restaurant",
                    "food",
                    "point_of_interest",
                    "establishment"
                 ],
                 "user_ratings_total" : 1666,
                 "vicinity" : "2199 California Street, Denver"
              },
              {
                 "business_status" : "OPERATIONAL",
                 "geometry" : {
                    "location" : {
                       "lat" : 39.7366908,
                       "lng" : -104.9846353
                    },
                    "viewport" : {
                       "northeast" : {
                          "lat" : 39.7380735802915,
                          "lng" : -104.9833961697085
                       },
                       "southwest" : {
                          "lat" : 39.7353756197085,
                          "lng" : -104.9860941302915
                       }
                    }
                 },
                 "icon" : "https://maps.gstatic.com/mapfiles/place_api/icons/v1/png_71/restaurant-71.png",
                 "icon_background_color" : "#FF9E67",
                 "icon_mask_base_uri" : "https://maps.gstatic.com/mapfiles/place_api/icons/v2/restaurant_pinlet",
                 "name" : "City O' City",
                 "opening_hours" : {
                    "open_now" : true
                 },
                 "photos" : [
                    {
                       "height" : 960,
                       "html_attributions" : [
                          "\u003ca href=\"https://maps.google.com/maps/contrib/111459726925022097821\"\u003eCity O&#39; City\u003c/a\u003e"
                       ],
                       "photo_reference" : "Aap_uEA_E8TI8hSv_JCKZDWouxK4rDE_gEtYMRFCBxQgEbPWs03HrDxL6Q4CFG1urU77vc7wrh-zHsCI9UPnPk7U0uzO-_abuN2HiDfu3dZAj9ZTGex2W1HHUxsqGaVArTBpn44mvn6J6--2VVhJwhJLPebiZTWEANeO2HPhTj647rIwYHYZ",
                       "width" : 1280
                    }
                 ],
                 "place_id" : "ChIJHwJJbNV-bIcRPRt9CACJxTs",
                 "plus_code" : {
                    "compound_code" : "P2P8+M4 Denver, CO, USA",
                    "global_code" : "85FQP2P8+M4"
                 },
                 "price_level" : 2,
                 "rating" : 4.5,
                 "reference" : "ChIJHwJJbNV-bIcRPRt9CACJxTs",
                 "scope" : "GOOGLE",
                 "types" : [
                    "bakery",
                    "cafe",
                    "bar",
                    "store",
                    "restaurant",
                    "food",
                    "point_of_interest",
                    "establishment"
                 ],
                 "user_ratings_total" : 4955,
                 "vicinity" : "206 East 13th Avenue, Denver"
              },
              {
                 "business_status" : "OPERATIONAL",
                 "geometry" : {
                    "location" : {
                       "lat" : 39.7459557,
                       "lng" : -104.9813577
                    },
                    "viewport" : {
                       "northeast" : {
                          "lat" : 39.7474181802915,
                          "lng" : -104.9799217697085
                       },
                       "southwest" : {
                          "lat" : 39.7447202197085,
                          "lng" : -104.9826197302915
                       }
                    }
                 },
                 "icon" : "https://maps.gstatic.com/mapfiles/place_api/icons/v1/png_71/restaurant-71.png",
                 "icon_background_color" : "#FF9E67",
                 "icon_mask_base_uri" : "https://maps.gstatic.com/mapfiles/place_api/icons/v2/restaurant_pinlet",
                 "name" : "D Bar Denver",
                 "opening_hours" : {
                    "open_now" : false
                 },
                 "photos" : [
                    {
                       "height" : 7360,
                       "html_attributions" : [
                          "\u003ca href=\"https://maps.google.com/maps/contrib/110607988110136142067\"\u003eD Bar Denver\u003c/a\u003e"
                       ],
                       "photo_reference" : "Aap_uEBDCM0aldWUt4Isv3PmdklTtNL4kD47Ftnj6hW10WimkKcrZ6_Cz-LzANoOMW0bU8CTXTMOQ1jrcFkD6DbT_LWMvegPN1Xs7bB9KOkKslkJVijZnUMrxGCXI1GgDPDzfth4MpTKzPPxe6Ve8DPbW9_e7bQph79sxWKGsPaiHysuVKC-",
                       "width" : 4912
                    }
                 ],
                 "place_id" : "ChIJZfxKmTN5bIcRZQSdZN7EZ0g",
                 "plus_code" : {
                    "compound_code" : "P2W9+9F Denver, CO, USA",
                    "global_code" : "85FQP2W9+9F"
                 },
                 "price_level" : 2,
                 "rating" : 4.4,
                 "reference" : "ChIJZfxKmTN5bIcRZQSdZN7EZ0g",
                 "scope" : "GOOGLE",
                 "types" : [
                    "bakery",
                    "cafe",
                    "bar",
                    "store",
                    "restaurant",
                    "food",
                    "point_of_interest",
                    "establishment"
                 ],
                 "user_ratings_total" : 951,
                 "vicinity" : "494 East 19th Avenue, Denver"
              },
              {
                 "business_status" : "OPERATIONAL",
                 "geometry" : {
                    "location" : {
                       "lat" : 39.7430442,
                       "lng" : -104.9883113
                    },
                    "viewport" : {
                       "northeast" : {
                          "lat" : 39.7443417302915,
                          "lng" : -104.9868967197085
                       },
                       "southwest" : {
                          "lat" : 39.7416437697085,
                          "lng" : -104.9895946802915
                       }
                    }
                 },
                 "icon" : "https://maps.gstatic.com/mapfiles/place_api/icons/v1/png_71/restaurant-71.png",
                 "icon_background_color" : "#FF9E67",
                 "icon_mask_base_uri" : "https://maps.gstatic.com/mapfiles/place_api/icons/v2/restaurant_pinlet",
                 "name" : "The Delectable Egg",
                 "opening_hours" : {
                    "open_now" : true
                 },
                 "photos" : [
                    {
                       "height" : 4032,
                       "html_attributions" : [
                          "\u003ca href=\"https://maps.google.com/maps/contrib/115498716304628993647\"\u003eJosh Lower\u003c/a\u003e"
                       ],
                       "photo_reference" : "Aap_uECxP7ckwAaIGJFrwMcakOWGGKZSq7jmPNO1QEMPg2E-JMkw2hzQXQGBy5D9si70d6OTyCa-bM_wHG6rSkWsl3SnDdA8y32voLEwl5leCwONTdYNaxpVFjRu1Q0G8vbhPUOvIGscVZz7svG3KQ5fpQ-SnsxbIthlNjfmnvYUXdGju2w9",
                       "width" : 3024
                    }
                 ],
                 "place_id" : "ChIJvUaJ1tV4bIcRZA5jdVPJw-4",
                 "plus_code" : {
                    "compound_code" : "P2V6+6M Denver, CO, USA",
                    "global_code" : "85FQP2V6+6M"
                 },
                 "price_level" : 1,
                 "rating" : 4.1,
                 "reference" : "ChIJvUaJ1tV4bIcRZA5jdVPJw-4",
                 "scope" : "GOOGLE",
                 "types" : [
                    "cafe",
                    "store",
                    "restaurant",
                    "food",
                    "point_of_interest",
                    "establishment"
                 ],
                 "user_ratings_total" : 1094,
                 "vicinity" : "1625 Court Place, Denver"
              },
              {
                 "business_status" : "OPERATIONAL",
                 "geometry" : {
                    "location" : {
                       "lat" : 39.74179299999999,
                       "lng" : -104.9881641
                    },
                    "viewport" : {
                       "northeast" : {
                          "lat" : 39.74315028029149,
                          "lng" : -104.9867012197085
                       },
                       "southwest" : {
                          "lat" : 39.7404523197085,
                          "lng" : -104.9893991802915
                       }
                    }
                 },
                 "icon" : "https://maps.gstatic.com/mapfiles/place_api/icons/v1/png_71/restaurant-71.png",
                 "icon_background_color" : "#FF9E67",
                 "icon_mask_base_uri" : "https://maps.gstatic.com/mapfiles/place_api/icons/v2/restaurant_pinlet",
                 "name" : "McDonald's",
                 "opening_hours" : {
                    "open_now" : true
                 },
                 "photos" : [
                    {
                       "height" : 3024,
                       "html_attributions" : [
                          "\u003ca href=\"https://maps.google.com/maps/contrib/118082248383104632865\"\u003eK H\u003c/a\u003e"
                       ],
                       "photo_reference" : "Aap_uEDUKiDZHeVQnG5Zz1tUdsNqZ0Lp-obd9cAZlFHMq29_XFgSPtrkhQe_SaqwuvNXRuHp_BnjOKdX5ZA-MPGOWvUNDc2UxdWx8qlBwqBzL3bTfuWRdT-zCafhEtVOAvfKZbjLGUQmTRYrTbyS9_OMHCngRLHuxNMTk5BFmqBzsqPUDB53",
                       "width" : 4032
                    }
                 ],
                 "place_id" : "ChIJ9RVsttV4bIcRmTJi56P8BH0",
                 "plus_code" : {
                    "compound_code" : "P2R6+PP Denver, CO, USA",
                    "global_code" : "85FQP2R6+PP"
                 },
                 "price_level" : 1,
                 "rating" : 3.2,
                 "reference" : "ChIJ9RVsttV4bIcRmTJi56P8BH0",
                 "scope" : "GOOGLE",
                 "types" : [
                    "cafe",
                    "store",
                    "restaurant",
                    "food",
                    "point_of_interest",
                    "establishment"
                 ],
                 "user_ratings_total" : 2201,
                 "vicinity" : "200 16th Street Mall, Denver"
              },
              {
                 "business_status" : "OPERATIONAL",
                 "geometry" : {
                    "location" : {
                       "lat" : 39.74638890000001,
                       "lng" : -104.9808333
                    },
                    "viewport" : {
                       "northeast" : {
                          "lat" : 39.74769973029151,
                          "lng" : -104.9796109197085
                       },
                       "southwest" : {
                          "lat" : 39.74500176970851,
                          "lng" : -104.9823088802915
                       }
                    }
                 },
                 "icon" : "https://maps.gstatic.com/mapfiles/place_api/icons/v1/png_71/cafe-71.png",
                 "icon_background_color" : "#FF9E67",
                 "icon_mask_base_uri" : "https://maps.gstatic.com/mapfiles/place_api/icons/v2/cafe_pinlet",
                 "name" : "Fluid Coffee Bar",
                 "opening_hours" : {
                    "open_now" : true
                 },
                 "photos" : [
                    {
                       "height" : 4032,
                       "html_attributions" : [
                          "\u003ca href=\"https://maps.google.com/maps/contrib/117683279927442160425\"\u003eKim E\u003c/a\u003e"
                       ],
                       "photo_reference" : "Aap_uEC9TCC5tVEnv6x5Frrb4TygJgyC-jeDyuws3HL6tymHeKIk0dRcBwD4dJ115uVXAl-L9cT-exBfF1hCrAm9ULn5eCyx79_1ZRrZAXFnKE-5K2_JHHMfibRajCL8YDbfoEb76p9YBvJd6Zri4DOJDaBhqhS5sGN08hd2eni81L1ns8LI",
                       "width" : 3024
                    }
                 ],
                 "place_id" : "ChIJ0zkuISl5bIcRQLZXJRkFPuY",
                 "plus_code" : {
                    "compound_code" : "P2W9+HM Denver, CO, USA",
                    "global_code" : "85FQP2W9+HM"
                 },
                 "price_level" : 1,
                 "rating" : 4.5,
                 "reference" : "ChIJ0zkuISl5bIcRQLZXJRkFPuY",
                 "scope" : "GOOGLE",
                 "types" : [ "cafe", "store", "food", "point_of_interest", "establishment" ],
                 "user_ratings_total" : 602,
                 "vicinity" : "501 East 19th Avenue, Denver"
              },
              {
                 "business_status" : "OPERATIONAL",
                 "geometry" : {
                    "location" : {
                       "lat" : 39.7504425,
                       "lng" : -104.9996598
                    },
                    "viewport" : {
                       "northeast" : {
                          "lat" : 39.7516864802915,
                          "lng" : -104.9982181697085
                       },
                       "southwest" : {
                          "lat" : 39.7489885197085,
                          "lng" : -105.0009161302915
                       }
                    }
                 },
                 "icon" : "https://maps.gstatic.com/mapfiles/place_api/icons/v1/png_71/cafe-71.png",
                 "icon_background_color" : "#FF9E67",
                 "icon_mask_base_uri" : "https://maps.gstatic.com/mapfiles/place_api/icons/v2/cafe_pinlet",
                 "name" : "Little Owl Coffee",
                 "opening_hours" : {
                    "open_now" : true
                 },
                 "photos" : [
                    {
                       "height" : 672,
                       "html_attributions" : [
                          "\u003ca href=\"https://maps.google.com/maps/contrib/107041036435983271956\"\u003eLittle Owl Coffee\u003c/a\u003e"
                       ],
                       "photo_reference" : "Aap_uEByuvzOqV5DiDHl_eJiAZzRsoHAOrW80KyNKDrurYP7v-pdJXg_tatWzlotrrpns9cNWuCmvSdzyl7OtfexYYO6WUG7yskhMGTwr6XD3JgN2RiSoulu3lUyD1qZGDdXsv2caWaQk8Hnvm0r_FHInNFjJvtVV-MQ-CcxcYov51Nd1L9V",
                       "width" : 1000
                    }
                 ],
                 "place_id" : "ChIJJxEIjcR4bIcR5SbVYngKOz0",
                 "plus_code" : {
                    "compound_code" : "Q222+54 Denver, CO, USA",
                    "global_code" : "85FQQ222+54"
                 },
                 "price_level" : 2,
                 "rating" : 4.7,
                 "reference" : "ChIJJxEIjcR4bIcR5SbVYngKOz0",
                 "scope" : "GOOGLE",
                 "types" : [ "cafe", "store", "food", "point_of_interest", "establishment" ],
                 "user_ratings_total" : 836,
                 "vicinity" : "1555 Blake Street, Denver"
              },
              {
                 "business_status" : "OPERATIONAL",
                 "geometry" : {
                    "location" : {
                       "lat" : 39.7470866,
                       "lng" : -104.9903284
                    },
                    "viewport" : {
                       "northeast" : {
                          "lat" : 39.7483208302915,
                          "lng" : -104.9888315197085
                       },
                       "southwest" : {
                          "lat" : 39.74562286970851,
                          "lng" : -104.9915294802915
                       }
                    }
                 },
                 "icon" : "https://maps.gstatic.com/mapfiles/place_api/icons/v1/png_71/cafe-71.png",
                 "icon_background_color" : "#FF9E67",
                 "icon_mask_base_uri" : "https://maps.gstatic.com/mapfiles/place_api/icons/v2/cafe_pinlet",
                 "name" : "Starbucks",
                 "opening_hours" : {
                    "open_now" : true
                 },
                 "photos" : [
                    {
                       "height" : 6936,
                       "html_attributions" : [
                          "\u003ca href=\"https://maps.google.com/maps/contrib/118401636883222848340\"\u003eSarah Weedin\u003c/a\u003e"
                       ],
                       "photo_reference" : "Aap_uECO-Zw2UJMweQw9rU7RV3uXbk-KRIj_J_3eZ1dR74uhyWz_IX7m-I_o6c9lIGq0a59SQKDEqGe0AAj3PI8yG1scm7wsX1gK4UfT3ux8rx2bq-So1ZGshMeUEyTVZur_hOLoXDP-3R9Qw6K2kmZze8nruVXnw4ShhJYO-R5smLM5brK_",
                       "width" : 9248
                    }
                 ],
                 "place_id" : "ChIJ7wc1RNd4bIcRvjS0xU_eh9M",
                 "plus_code" : {
                    "compound_code" : "P2W5+RV Denver, CO, USA",
                    "global_code" : "85FQP2W5+RV"
                 },
                 "price_level" : 2,
                 "rating" : 3.8,
                 "reference" : "ChIJ7wc1RNd4bIcRvjS0xU_eh9M",
                 "scope" : "GOOGLE",
                 "types" : [ "cafe", "store", "food", "point_of_interest", "establishment" ],
                 "user_ratings_total" : 74,
                 "vicinity" : "1701 California Street, Denver"
              },
              {
                 "business_status" : "CLOSED_TEMPORARILY",
                 "geometry" : {
                    "location" : {
                       "lat" : 39.7450637,
                       "lng" : -104.9917044
                    },
                    "viewport" : {
                       "northeast" : {
                          "lat" : 39.7464656802915,
                          "lng" : -104.9905248697085
                       },
                       "southwest" : {
                          "lat" : 39.7437677197085,
                          "lng" : -104.9932228302915
                       }
                    }
                 },
                 "icon" : "https://maps.gstatic.com/mapfiles/place_api/icons/v1/png_71/restaurant-71.png",
                 "icon_background_color" : "#FF9E67",
                 "icon_mask_base_uri" : "https://maps.gstatic.com/mapfiles/place_api/icons/v2/restaurant_pinlet",
                 "name" : "Einstein Bros. Bagels",
                 "permanently_closed" : true,
                 "photos" : [
                    {
                       "height" : 4032,
                       "html_attributions" : [
                          "\u003ca href=\"https://maps.google.com/maps/contrib/100291785389838647487\"\u003eJ\u003c/a\u003e"
                       ],
                       "photo_reference" : "Aap_uECumrJMsKQVzENgciHUIorL4sGCemhlBZ0zanB6w1ezxFZl9DzWuvukZ759i1DWNmM_yiDFHmEtQYAM9kUkq-tZP83pi886sdADOyNCPmb1BBkXifRKlTytT8yORO1Gv-fw5UK1R7GQqPkdyw74UdMgPNVJyRyGx6qI1MBjFkQqC7AP",
                       "width" : 3024
                    }
                 ],
                 "place_id" : "ChIJ9Ud11dB4bIcRCcricPkwryo",
                 "plus_code" : {
                    "compound_code" : "P2W5+28 Denver, CO, USA",
                    "global_code" : "85FQP2W5+28"
                 },
                 "price_level" : 1,
                 "rating" : 4,
                 "reference" : "ChIJ9Ud11dB4bIcRCcricPkwryo",
                 "scope" : "GOOGLE",
                 "types" : [
                    "bakery",
                    "cafe",
                    "store",
                    "restaurant",
                    "food",
                    "point_of_interest",
                    "establishment"
                 ],
                 "user_ratings_total" : 362,
                 "vicinity" : "1600 California Street, Denver"
              },
              {
                 "business_status" : "OPERATIONAL",
                 "geometry" : {
                    "location" : {
                       "lat" : 39.7491125,
                       "lng" : -104.9962862
                    },
                    "viewport" : {
                       "northeast" : {
                          "lat" : 39.7503717302915,
                          "lng" : -104.9946863697085
                       },
                       "southwest" : {
                          "lat" : 39.7476737697085,
                          "lng" : -104.9973843302915
                       }
                    }
                 },
                 "icon" : "https://maps.gstatic.com/mapfiles/place_api/icons/v1/png_71/cafe-71.png",
                 "icon_background_color" : "#FF9E67",
                 "icon_mask_base_uri" : "https://maps.gstatic.com/mapfiles/place_api/icons/v2/cafe_pinlet",
                 "name" : "ink Coffee Tabor",
                 "opening_hours" : {
                    "open_now" : true
                 },
                 "photos" : [
                    {
                       "height" : 633,
                       "html_attributions" : [
                          "\u003ca href=\"https://maps.google.com/maps/contrib/107802992226824540736\"\u003eink Coffee Tabor\u003c/a\u003e"
                       ],
                       "photo_reference" : "Aap_uEDLeX7ngwahQB0oMIMgCPpZEyHeNmiyYPZh3TqKHaiUDjYvvfOkH803hnz1SH5-NE9OUepM3iPd8rev95HE4jiyaHQJ5uCHLd8G1yT4MsCN75wAn_TdJkH--vryZ9AicmT_dvMHFPndJbziorTzkN-fnrI01MFr11vvUTyVPhggOhAx",
                       "width" : 1125
                    }
                 ],
                 "place_id" : "ChIJD4rGGtt4bIcR_i8W007wqUo",
                 "plus_code" : {
                    "compound_code" : "P2X3+JF Denver, CO, USA",
                    "global_code" : "85FQP2X3+JF"
                 },
                 "rating" : 2.4,
                 "reference" : "ChIJD4rGGtt4bIcR_i8W007wqUo",
                 "scope" : "GOOGLE",
                 "types" : [ "cafe", "store", "food", "point_of_interest", "establishment" ],
                 "user_ratings_total" : 48,
                 "vicinity" : "One Tabor Center, 1200 17th Street, Denver"
              },
              {
                 "business_status" : "OPERATIONAL",
                 "geometry" : {
                    "location" : {
                       "lat" : 39.7441774,
                       "lng" : -104.9897765
                    },
                    "viewport" : {
                       "northeast" : {
                          "lat" : 39.74558868029149,
                          "lng" : -104.9884722197085
                       },
                       "southwest" : {
                          "lat" : 39.74289071970849,
                          "lng" : -104.9911701802915
                       }
                    }
                 },
                 "icon" : "https://maps.gstatic.com/mapfiles/place_api/icons/v1/png_71/cafe-71.png",
                 "icon_background_color" : "#FF9E67",
                 "icon_mask_base_uri" : "https://maps.gstatic.com/mapfiles/place_api/icons/v2/cafe_pinlet",
                 "name" : "Novo Coffee",
                 "opening_hours" : {
                    "open_now" : true
                 },
                 "photos" : [
                    {
                       "height" : 4032,
                       "html_attributions" : [
                          "\u003ca href=\"https://maps.google.com/maps/contrib/107373603922332025156\"\u003eLily Chang\u003c/a\u003e"
                       ],
                       "photo_reference" : "Aap_uEDrJO2muEb_jUtrr9ER2f1pXH_IYedyjSYRfxE1O7kbrFI0DLHsKMF7up1BPK2Mrcd_1APwCzQBE1g70jVn_IAUiBO-jsQtFWmwNesSuL98w2CEJRGTLDTASXc61aIjfgx8VKPvkEp6R-LqT4YQdQPt2rxfnT20XlQbdpdBoJryD2s",
                       "width" : 3024
                    }
                 ],
                 "place_id" : "ChIJ1ehL6tZ4bIcR8WyKkLSsMEQ",
                 "plus_code" : {
                    "compound_code" : "P2V6+M3 Denver, CO, USA",
                    "global_code" : "85FQP2V6+M3"
                 },
                 "price_level" : 2,
                 "rating" : 4.5,
                 "reference" : "ChIJ1ehL6tZ4bIcR8WyKkLSsMEQ",
                 "scope" : "GOOGLE",
                 "types" : [ "cafe", "bar", "store", "food", "point_of_interest", "establishment" ],
                 "user_ratings_total" : 712,
                 "vicinity" : "1600 Glenarm Place, Denver"
              },
              {
                 "business_status" : "OPERATIONAL",
                 "geometry" : {
                    "location" : {
                       "lat" : 39.7513255,
                       "lng" : -105.0014138
                    },
                    "viewport" : {
                       "northeast" : {
                          "lat" : 39.7525767802915,
                          "lng" : -105.0001156197085
                       },
                       "southwest" : {
                          "lat" : 39.74987881970851,
                          "lng" : -105.0028135802915
                       }
                    }
                 },
                 "icon" : "https://maps.gstatic.com/mapfiles/place_api/icons/v1/png_71/generic_business-71.png",
                 "icon_background_color" : "#7B9EB0",
                 "icon_mask_base_uri" : "https://maps.gstatic.com/mapfiles/place_api/icons/v2/generic_pinlet",
                 "name" : "The Alliance Center",
                 "opening_hours" : {
                    "open_now" : true
                 },
                 "photos" : [
                    {
                       "height" : 3744,
                       "html_attributions" : [
                          "\u003ca href=\"https://maps.google.com/maps/contrib/109959689975747448682\"\u003eThe Alliance Center\u003c/a\u003e"
                       ],
                       "photo_reference" : "Aap_uEA4dECAk5DJNm-jRevm1-wP9dj2p1ttOKxe9Xfvn10qfubAqZANeWwUnYk1NAN9cR7w9EpNnMFoY9OEYOhqLX751FvLAQfifFRIeNeXpmFPVkBIPqrBzTnELzAf6qlfwKPPhviBE5DEhcb6WgW_VqJf1sNgKPh83s11Ma3YZuMGSuFh",
                       "width" : 5616
                    }
                 ],
                 "place_id" : "ChIJCf9IdMR4bIcRG_Q5RPwVnKw",
                 "plus_code" : {
                    "compound_code" : "QX2X+GC Denver, CO, USA",
                    "global_code" : "85FPQX2X+GC"
                 },
                 "rating" : 4.7,
                 "reference" : "ChIJCf9IdMR4bIcRG_Q5RPwVnKw",
                 "scope" : "GOOGLE",
                 "types" : [ "cafe", "food", "point_of_interest", "establishment" ],
                 "user_ratings_total" : 81,
                 "vicinity" : "1536 Wynkoop Street, Denver"
              },
              {
                 "business_status" : "OPERATIONAL",
                 "geometry" : {
                    "location" : {
                       "lat" : 39.7429605,
                       "lng" : -104.9889796
                    },
                    "viewport" : {
                       "northeast" : {
                          "lat" : 39.7442626802915,
                          "lng" : -104.9877083697085
                       },
                       "southwest" : {
                          "lat" : 39.7415647197085,
                          "lng" : -104.9904063302915
                       }
                    }
                 },
                 "icon" : "https://maps.gstatic.com/mapfiles/place_api/icons/v1/png_71/cafe-71.png",
                 "icon_background_color" : "#FF9E67",
                 "icon_mask_base_uri" : "https://maps.gstatic.com/mapfiles/place_api/icons/v2/cafe_pinlet",
                 "name" : "Starbucks",
                 "opening_hours" : {
                    "open_now" : true
                 },
                 "photos" : [
                    {
                       "height" : 2268,
                       "html_attributions" : [
                          "\u003ca href=\"https://maps.google.com/maps/contrib/105242518271508205960\"\u003eKeith Tomline\u003c/a\u003e"
                       ],
                       "photo_reference" : "Aap_uEBigkgoqe4RbyfwO7xsaV4bUOBY-_6OfZjkZZ3vueho7YyPLUXHPeVXWMaVnrD35luYmQ3gymabYFOF8KRAsNpu3sX7XDkfqmS7Liz7w-2EI3htOxEN9x7I94ss_olK2oiwLAjZ4nmnShzyIak45DSEJound883MAOWHyG-JcH5BWle",
                       "width" : 4032
                    }
                 ],
                 "place_id" : "ChIJuQLXKdR4bIcRcnWLTGaL__U",
                 "plus_code" : {
                    "compound_code" : "P2V6+5C Denver, CO, USA",
                    "global_code" : "85FQP2V6+5C"
                 },
                 "price_level" : 2,
                 "rating" : 4.1,
                 "reference" : "ChIJuQLXKdR4bIcRcnWLTGaL__U",
                 "scope" : "GOOGLE",
                 "types" : [ "cafe", "store", "food", "point_of_interest", "establishment" ],
                 "user_ratings_total" : 699,
                 "vicinity" : "303 16th Street Mall Ste. 100, Denver"
              },
              {
                 "business_status" : "OPERATIONAL",
                 "geometry" : {
                    "location" : {
                       "lat" : 39.7428771,
                       "lng" : -104.9868044
                    },
                    "viewport" : {
                       "northeast" : {
                          "lat" : 39.7442698302915,
                          "lng" : -104.9857754197085
                       },
                       "southwest" : {
                          "lat" : 39.7415718697085,
                          "lng" : -104.9884733802915
                       }
                    }
                 },
                 "icon" : "https://maps.gstatic.com/mapfiles/place_api/icons/v1/png_71/cafe-71.png",
                 "icon_background_color" : "#FF9E67",
                 "icon_mask_base_uri" : "https://maps.gstatic.com/mapfiles/place_api/icons/v2/cafe_pinlet",
                 "name" : "Starbucks",
                 "opening_hours" : {
                    "open_now" : true
                 },
                 "photos" : [
                    {
                       "height" : 2268,
                       "html_attributions" : [
                          "\u003ca href=\"https://maps.google.com/maps/contrib/103614928946175991574\"\u003eGeorge Foster\u003c/a\u003e"
                       ],
                       "photo_reference" : "Aap_uEDTfZPndN0RCox8ufUxCaNveN5967xF1LGNda6wgBNRJTvt9X4UA5C0k5Dn0E7qXoSTY-_1cXvTQzRWcTi3m5KaYAiosOQmuNGxiE0FCwGAO-XIr7RiB6RgZ55immVTQtEKfMkhOWocRAhj2n-yidsZPjReTujPVFv9tc0o_cwdxHFv",
                       "width" : 4032
                    }
                 ],
                 "place_id" : "ChIJZ2p659V4bIcRiP-FO4LYkDg",
                 "plus_code" : {
                    "compound_code" : "P2V7+57 Denver, CO, USA",
                    "global_code" : "85FQP2V7+57"
                 },
                 "price_level" : 2,
                 "rating" : 4.3,
                 "reference" : "ChIJZ2p659V4bIcRiP-FO4LYkDg",
                 "scope" : "GOOGLE",
                 "types" : [ "cafe", "store", "food", "point_of_interest", "establishment" ],
                 "user_ratings_total" : 156,
                 "vicinity" : "1670 Broadway #110, Denver"
              },
              {
                 "business_status" : "CLOSED_TEMPORARILY",
                 "geometry" : {
                    "location" : {
                       "lat" : 39.7478387,
                       "lng" : -104.9949088
                    },
                    "viewport" : {
                       "northeast" : {
                          "lat" : 39.7494981802915,
                          "lng" : -104.9931101697085
                       },
                       "southwest" : {
                          "lat" : 39.7468002197085,
                          "lng" : -104.9958081302915
                       }
                    }
                 },
                 "icon" : "https://maps.gstatic.com/mapfiles/place_api/icons/v1/png_71/restaurant-71.png",
                 "icon_background_color" : "#FF9E67",
                 "icon_mask_base_uri" : "https://maps.gstatic.com/mapfiles/place_api/icons/v2/restaurant_pinlet",
                 "name" : "Woody Creek Bakery & Cafe",
                 "permanently_closed" : true,
                 "photos" : [
                    {
                       "height" : 5312,
                       "html_attributions" : [
                          "\u003ca href=\"https://maps.google.com/maps/contrib/103865731934417906422\"\u003eBick Benedict\u003c/a\u003e"
                       ],
                       "photo_reference" : "Aap_uED2NiD4uuV_NlHNGU1J1kJ7a6eqswhOxUhrm0JWgV-UyNFplzyT-8_RrujVUWrRSogCmMTKpo49bwiWc19pW2wHwJNO77VIuPP_aDSjptXX7z9WPaJKdwO2f_ImkL1FYdySSy7qRmW6QX4HDCbE5_fJoBB0xL7E-oSVxQyxVrhDFQGs",
                       "width" : 2988
                    }
                 ],
                 "place_id" : "ChIJHY5jhNp4bIcR8D7GvgEz__g",
                 "plus_code" : {
                    "compound_code" : "P2X4+42 Denver, CO, USA",
                    "global_code" : "85FQP2X4+42"
                 },
                 "price_level" : 1,
                 "rating" : 3.9,
                 "reference" : "ChIJHY5jhNp4bIcR8D7GvgEz__g",
                 "scope" : "GOOGLE",
                 "types" : [
                    "bakery",
                    "cafe",
                    "store",
                    "restaurant",
                    "food",
                    "point_of_interest",
                    "establishment"
                 ],
                 "user_ratings_total" : 48,
                 "vicinity" : "1001 16th Street Mall A130, Denver"
              },
              {
                 "business_status" : "OPERATIONAL",
                 "geometry" : {
                    "location" : {
                       "lat" : 39.7471279,
                       "lng" : -104.9916026
                    },
                    "viewport" : {
                       "northeast" : {
                          "lat" : 39.7484176802915,
                          "lng" : -104.9902166697085
                       },
                       "southwest" : {
                          "lat" : 39.7457197197085,
                          "lng" : -104.9929146302915
                       }
                    }
                 },
                 "icon" : "https://maps.gstatic.com/mapfiles/place_api/icons/v1/png_71/cafe-71.png",
                 "icon_background_color" : "#FF9E67",
                 "icon_mask_base_uri" : "https://maps.gstatic.com/mapfiles/place_api/icons/v2/cafe_pinlet",
                 "name" : "Three Sisters Cafe & Catering",
                 "opening_hours" : {
                    "open_now" : true
                 },
                 "photos" : [
                    {
                       "height" : 1536,
                       "html_attributions" : [
                          "\u003ca href=\"https://maps.google.com/maps/contrib/117711220499010239186\"\u003eTina Pino\u003c/a\u003e"
                       ],
                       "photo_reference" : "Aap_uEAKqLP4VQctUj5pjzACbTR5hLp6gJeqaCGH-UcW5Gjt4OeW9AFz_UM8QHWgajmE-RF3C-JQBstObN9nHP5x7muDm9mMzwySXjSiQbv5Ep2VXTPZnfejBT8c8MtACAoIhG5qUheFDQ8eUwXzcwtlWvThut33AyOj6Ko74PdNJkr28vZT",
                       "width" : 2048
                    }
                 ],
                 "place_id" : "ChIJ6_MUrdB4bIcRBLSLRfcJe_U",
                 "plus_code" : {
                    "compound_code" : "P2W5+V9 Denver, CO, USA",
                    "global_code" : "85FQP2W5+V9"
                 },
                 "price_level" : 1,
                 "rating" : 4.5,
                 "reference" : "ChIJ6_MUrdB4bIcRBLSLRfcJe_U",
                 "scope" : "GOOGLE",
                 "types" : [ "cafe", "food", "point_of_interest", "establishment" ],
                 "user_ratings_total" : 174,
                 "vicinity" : "1717 Stout Street, Denver"
              },
              {
                 "business_status" : "OPERATIONAL",
                 "geometry" : {
                    "location" : {
                       "lat" : 39.75118399999999,
                       "lng" : -104.9942901
                    },
                    "viewport" : {
                       "northeast" : {
                          "lat" : 39.7526096802915,
                          "lng" : -104.9931259197085
                       },
                       "southwest" : {
                          "lat" : 39.7499117197085,
                          "lng" : -104.9958238802915
                       }
                    }
                 },
                 "icon" : "https://maps.gstatic.com/mapfiles/place_api/icons/v1/png_71/cafe-71.png",
                 "icon_background_color" : "#FF9E67",
                 "icon_mask_base_uri" : "https://maps.gstatic.com/mapfiles/place_api/icons/v2/cafe_pinlet",
                 "name" : "Intermission Cafe",
                 "opening_hours" : {
                    "open_now" : true
                 },
                 "photos" : [
                    {
                       "height" : 576,
                       "html_attributions" : [
                          "\u003ca href=\"https://maps.google.com/maps/contrib/107538160601433139539\"\u003eIntermission Cafe\u003c/a\u003e"
                       ],
                       "photo_reference" : "Aap_uECy3jINNp6ISoJCs-TBPyCJ3UTE16kMdgK9DuBTI1UtCWCLFuCAUC5F6snzezLEedrkNeucbLbttOigVlHiC-tg6iKXGaRBSQYA_hgBTTV7QjnH4nOldnc30izaPVExyugLTAWBULuzSdpne_H4qM57O8PQJq4laEzW06bfuNw1isMi",
                       "width" : 693
                    }
                 ],
                 "place_id" : "ChIJ4-YYc9t4bIcRDHJ-8q_kYRk",
                 "plus_code" : {
                    "compound_code" : "Q224+F7 Denver, CO, USA",
                    "global_code" : "85FQQ224+F7"
                 },
                 "rating" : 3.9,
                 "reference" : "ChIJ4-YYc9t4bIcRDHJ-8q_kYRk",
                 "scope" : "GOOGLE",
                 "types" : [ "cafe", "store", "food", "point_of_interest", "establishment" ],
                 "user_ratings_total" : 32,
                 "vicinity" : "1800 Larimer Street Suite 101, Denver"
              },
              {
                 "business_status" : "OPERATIONAL",
                 "geometry" : {
                    "location" : {
                       "lat" : 39.74421710000001,
                       "lng" : -104.9876545
                    },
                    "viewport" : {
                       "northeast" : {
                          "lat" : 39.7456370302915,
                          "lng" : -104.9864987697085
                       },
                       "southwest" : {
                          "lat" : 39.74293906970851,
                          "lng" : -104.9891967302915
                       }
                    }
                 },
                 "icon" : "https://maps.gstatic.com/mapfiles/place_api/icons/v1/png_71/cafe-71.png",
                 "icon_background_color" : "#FF9E67",
                 "icon_mask_base_uri" : "https://maps.gstatic.com/mapfiles/place_api/icons/v2/cafe_pinlet",
                 "name" : "Afternoon Tea at The Brown Palace",
                 "opening_hours" : {
                    "open_now" : false
                 },
                 "photos" : [
                    {
                       "height" : 1365,
                       "html_attributions" : [
                          "\u003ca href=\"https://maps.google.com/maps/contrib/112503689357757765819\"\u003eAfternoon Tea at The Brown Palace\u003c/a\u003e"
                       ],
                       "photo_reference" : "Aap_uECbw1iTnvTHChrG8cVG_sfeb8eGv3uZFB6ZAcLbnL7Un-TQ94tviGkZSRe-vCrDfmYrVtWeTcjoDqGFFHp1rBlIfTWzezfACU--48-yyz2OkpBH0prSq8TkJGGQvx85G4Os7x51oHk0O7-J9ILftZycVd_ifE7pqPL29J87S8WTjxLr",
                       "width" : 2048
                    }
                 ],
                 "place_id" : "ChIJ9dBRb9Z4bIcRsmFlxxOFd1k",
                 "plus_code" : {
                    "compound_code" : "P2V6+MW Denver, CO, USA",
                    "global_code" : "85FQP2V6+MW"
                 },
                 "rating" : 4.5,
                 "reference" : "ChIJ9dBRb9Z4bIcRsmFlxxOFd1k",
                 "scope" : "GOOGLE",
                 "types" : [ "cafe", "bar", "food", "point_of_interest", "establishment" ],
                 "user_ratings_total" : 203,
                 "vicinity" : "321 17th Street, Denver"
              },
              {
                 "business_status" : "OPERATIONAL",
                 "geometry" : {
                    "location" : {
                       "lat" : 39.7470014,
                       "lng" : -104.9947985
                    },
                    "viewport" : {
                       "northeast" : {
                          "lat" : 39.7483968302915,
                          "lng" : -104.9935178197085
                       },
                       "southwest" : {
                          "lat" : 39.7456988697085,
                          "lng" : -104.9962157802915
                       }
                    }
                 },
                 "icon" : "https://maps.gstatic.com/mapfiles/place_api/icons/v1/png_71/cafe-71.png",
                 "icon_background_color" : "#FF9E67",
                 "icon_mask_base_uri" : "https://maps.gstatic.com/mapfiles/place_api/icons/v2/cafe_pinlet",
                 "name" : "Starbucks",
                 "opening_hours" : {
                    "open_now" : true
                 },
                 "photos" : [
                    {
                       "height" : 3024,
                       "html_attributions" : [
                          "\u003ca href=\"https://maps.google.com/maps/contrib/107156547597850084304\"\u003eAnirudh Koul\u003c/a\u003e"
                       ],
                       "photo_reference" : "Aap_uEAxBYPOzUJzTYa5MZg3DNhNK2FQD5En1EiBtY1yCfCU0H9aU6vJD1R8_bobgHXsccvt96x40zlc-bFHLq6Ya4gsqThG2uEutHtMhWBQhcsNVJX-fO8ElvtBjUjRxBV5jIjhUMMm0JS7d8qiUgYT3VnbZsyd7HzO3dhyg1utBS7lAC1Y",
                       "width" : 4032
                    }
                 ],
                 "place_id" : "ChIJxfGSb9B4bIcR716Wian8J9A",
                 "plus_code" : {
                    "compound_code" : "P2W4+R3 Denver, CO, USA",
                    "global_code" : "85FQP2W4+R3"
                 },
                 "price_level" : 2,
                 "rating" : 3.9,
                 "reference" : "ChIJxfGSb9B4bIcR716Wian8J9A",
                 "scope" : "GOOGLE",
                 "types" : [ "cafe", "store", "food", "point_of_interest", "establishment" ],
                 "user_ratings_total" : 313,
                 "vicinity" : "934 16th Street Mall, Denver"
              },
              {
                 "business_status" : "OPERATIONAL",
                 "geometry" : {
                    "location" : {
                       "lat" : 39.73964369999999,
                       "lng" : -105.0046494
                    },
                    "viewport" : {
                       "northeast" : {
                          "lat" : 39.74105998029149,
                          "lng" : -105.0031559197085
                       },
                       "southwest" : {
                          "lat" : 39.7383620197085,
                          "lng" : -105.0058538802915
                       }
                    }
                 },
                 "icon" : "https://maps.gstatic.com/mapfiles/place_api/icons/v1/png_71/restaurant-71.png",
                 "icon_background_color" : "#FF9E67",
                 "icon_mask_base_uri" : "https://maps.gstatic.com/mapfiles/place_api/icons/v2/restaurant_pinlet",
                 "name" : "McDonald's",
                 "opening_hours" : {
                    "open_now" : true
                 },
                 "photos" : [
                    {
                       "height" : 468,
                       "html_attributions" : [
                          "\u003ca href=\"https://maps.google.com/maps/contrib/117054556390643971643\"\u003eMark Pabst\u003c/a\u003e"
                       ],
                       "photo_reference" : "Aap_uEAHF2YkbPt8CggRUb7Zbng7PPZadK3RY7ES_eHASI-VzKNTHxsuyWe0JCyEOIp7viVTb1WXcln8CY_CwNvEfLsYaxIMHbjmcDO8CuMonfpTbS8GDaLWOEFlvwc3Q6reSAIpSOqadnffbdU1CuRbko5EceACEl5fq1Ru3bg8J3HnJwb7",
                       "width" : 949
                    }
                 ],
                 "place_id" : "ChIJbUb6v8t4bIcR2TIsfW6490A",
                 "plus_code" : {
                    "compound_code" : "PXQW+V4 Denver, CO, USA",
                    "global_code" : "85FPPXQW+V4"
                 },
                 "price_level" : 1,
                 "rating" : 3.3,
                 "reference" : "ChIJbUb6v8t4bIcR2TIsfW6490A",
                 "scope" : "GOOGLE",
                 "types" : [
                    "cafe",
                    "store",
                    "restaurant",
                    "food",
                    "point_of_interest",
                    "establishment"
                 ],
                 "user_ratings_total" : 2675,
                 "vicinity" : "1350 West Colfax Avenue, Denver"
              }
           ],
           "status" : "OK"
        }
  recorded_at: Mon, 06 Jun 2022 17:04:22 GMT
recorded_with: VCR 6.1.0
