---
http_interactions:
- request:
    method: get
    uri: https://www.mapquestapi.com/search/v4/place?feedback=false&key=zlaZeUWUwDjy5iwTqIH9n1ljM0ZSGs7o&location=-104.9504002621875,39.74924215&q=cafe&sort=distance
    body:
      encoding: US-ASCII
      string: ''
    headers:
      User-Agent:
      - Faraday v2.3.0
      Accept-Encoding:
      - gzip;q=1.0,deflate;q=0.6,identity;q=0.3
      Accept:
      - "*/*"
  response:
    status:
      code: 200
      message: OK
    headers:
      Date:
      - Tue, 23 Aug 2022 23:49:57 GMT
      Content-Type:
      - application/json
      Content-Length:
      - '4170'
      Server:
      - nginx
      Vary:
      - User-Agent
      Access-Control-Allow-Origin:
      - "*"
      Access-Control-Allow-Methods:
      - OPTIONS,GET,POST
      Status:
      - success
      Transactionweight:
      - '1'
      Strict-Transport-Security:
      - max-age=0
    body:
      encoding: UTF-8
      string: '{"pagination":{"nextUrl":"https://www.mapquestapi.com/search/v4/place?q=cafe&location=-104.9504002621875,39.74924215&sort=distance&pageSize=10&page=2&key=zlaZeUWUwDjy5iwTqIH9n1ljM0ZSGs7o","currentPage":1},"request":{"sort":"distance","pageSize":10,"page":1,"feedback":false,"key":"zlaZeUWUwDjy5iwTqIH9n1ljM0ZSGs7o","q":"cafe","location":[-104.9504002621875,39.74924215]},"results":[{"id":"mqId:359994321","displayString":"T-Rex
        Cafe, 2001 Colorado Blvd, Denver, CO 80205","name":"T-Rex Cafe","slug":"/us/colorado/t-rex-cafe-359994321","language":"en","place":{"type":"Feature","geometry":{"coordinates":[-104.940935,39.74751],"type":"Point"},"properties":{"city":"Denver","stateCode":"CO","postalCode":"80205","county":"Denver","countryCode":"US","street":"2001
        Colorado Blvd","type":"address"}}},{"id":"mqId:412307044","displayString":"Under
        the Umbrella Cafe, 2900 E 16th Ave, Denver, CO 80206","name":"Under the Umbrella
        Cafe","slug":"/us/colorado/under-the-umbrella-cafe-412307044","language":"en","place":{"type":"Feature","geometry":{"coordinates":[-104.95265,39.74178],"type":"Point"},"properties":{"city":"Denver","stateCode":"CO","postalCode":"80206","county":"Denver","countryCode":"US","street":"2900
        E 16th Ave","type":"address"}}},{"id":"mqId:418993958","displayString":"Kresbah
        Cafe, 2266 Colorado Blvd, Denver, CO 80207","name":"Kresbah Cafe","slug":"/us/colorado/kresbah-cafe-418993958","language":"en","place":{"type":"Feature","geometry":{"coordinates":[-104.940404,39.750608],"type":"Point"},"properties":{"city":"Denver","stateCode":"CO","postalCode":"80207","countryCode":"US","street":"2266
        Colorado Blvd","type":"address"}}},{"id":"mqId:377160650","displayString":"Cafe
        Miriam, 2217 E 21st Ave, Denver, CO 80205","name":"Cafe Miriam","slug":"/us/colorado/cafe-miriam-377160650","language":"en","place":{"type":"Feature","geometry":{"coordinates":[-104.96028,39.74834],"type":"Point"},"properties":{"city":"Denver","stateCode":"CO","postalCode":"80205","county":"Denver","countryCode":"US","street":"2217
        E 21st Ave","type":"address"}}},{"id":"mqId:412748829","displayString":"Cafe
        Star, 3201 E Colfax Ave, Denver, CO 80206","name":"Cafe Star","slug":"/us/colorado/cafe-star-412748829","language":"en","place":{"type":"Feature","geometry":{"coordinates":[-104.94986,39.74037],"type":"Point"},"properties":{"city":"Denver","stateCode":"CO","postalCode":"80206","county":"Denver","countryCode":"US","street":"3201
        E Colfax Ave","type":"address"}}},{"id":"mqId:425234971","displayString":"Fox
        Run Cafe, 3550 E Colfax Ave, Denver, CO 80206","name":"Fox Run Cafe","slug":"/us/colorado/fox-run-cafe-425234971","language":"en","place":{"type":"Feature","geometry":{"coordinates":[-104.94549,39.74],"type":"Point"},"properties":{"city":"Denver","stateCode":"CO","postalCode":"80206","county":"Denver","countryCode":"US","street":"3550
        E Colfax Ave","type":"address"}}},{"id":"mqId:376084149","displayString":"Route
        40 Cafe, 2550 E Colfax Ave, Denver, CO 80206","name":"Route 40 Cafe","slug":"/us/colorado/route-40-cafe-376084149","language":"en","place":{"type":"Feature","geometry":{"coordinates":[-104.956478,39.739827],"type":"Point"},"properties":{"city":"Denver","stateCode":"CO","postalCode":"80206","county":"Denver","countryCode":"US","street":"2550
        E Colfax Ave","type":"address"}}},{"id":"mqId:416594070","displayString":"Corafaye''s
        Cafe Soul Food, 2861 Colorado Blvd, Denver, CO 80207","name":"Corafaye''s
        Cafe Soul Food","slug":"/us/colorado/corafayes-cafe-soul-food-416594070","language":"en","place":{"type":"Feature","geometry":{"coordinates":[-104.940896,39.757528],"type":"Point"},"properties":{"city":"Denver","stateCode":"CO","postalCode":"80207","county":"Denver","countryCode":"US","street":"2861
        Colorado Blvd","type":"address"}}},{"id":"mqId:401261675","displayString":"Bar
        Max, 2412 E Colfax Ave, Denver, CO 80206","name":"Bar Max","slug":"/us/colorado/bar-max-401261675","language":"en","place":{"type":"Feature","geometry":{"coordinates":[-104.95835,39.73991],"type":"Point"},"properties":{"city":"Denver","stateCode":"CO","postalCode":"80206","county":"Denver","countryCode":"US","street":"2412
        E Colfax Ave","type":"address"}}}]}'
  recorded_at: Tue, 23 Aug 2022 23:49:57 GMT
- request:
    method: get
    uri: https://api.yelp.com/v3/businesses/search?latitude=39.74751&limit=1&longitude=-104.940935&term=T-Rex%20Cafe
    body:
      encoding: US-ASCII
      string: ''
    headers:
      Authorization:
      - Bearer yHNb6Kv_cFPbndvJzOnKVu18JiMhmWt_OlzlERs31K7FXxtqBUU3RVs5XkReigJVo6MkfEnp3ry73ioW2VSgMyelZ1T5p16cjyErW7H0U5xvLeXEl90ImwTpZPYEY3Yx
      User-Agent:
      - Faraday v2.3.0
      Accept-Encoding:
      - gzip;q=1.0,deflate;q=0.6,identity;q=0.3
      Accept:
      - "*/*"
  response:
    status:
      code: 200
      message: OK
    headers:
      Connection:
      - keep-alive
      Content-Type:
      - application/json
      Ratelimit-Resettime:
      - '2022-08-24T00:00:00+00:00'
      Server:
      - envoy
      X-Routing-Service:
      - routing-main--useast1-54445cf4f-2nlpg; site=public_api_v3
      X-B3-Sampled:
      - '0'
      Ratelimit-Dailylimit:
      - '5000'
      X-Zipkin-Id:
      - 900092b3aa348127
      Ratelimit-Remaining:
      - '4964'
      X-Cloudmap:
      - routing_useast1
      X-Mode:
      - ro
      X-Proxied:
      - 10-65-164-1-useast1bprod
      X-Extlb:
      - 10-65-164-1-useast1bprod
      Cache-Control:
      - max-age=0, no-store, private, no-transform
      Accept-Ranges:
      - bytes
      Date:
      - Tue, 23 Aug 2022 23:49:58 GMT
      Via:
      - 1.1 varnish
      X-Served-By:
      - cache-pdk17844-PDK
      X-Cache:
      - MISS
      X-Cache-Hits:
      - '0'
      Vary:
      - Accept-Encoding
      Transfer-Encoding:
      - chunked
    body:
      encoding: ASCII-8BIT
      string: '{"businesses": [{"id": "4pzg3Y6pSJmNfxmw6Cj-UQ", "alias": "t-rex-grill-denver",
        "name": "T Rex Grill", "image_url": "https://s3-media2.fl.yelpcdn.com/bphoto/D76tWTwSxj-eyES641YOrA/o.jpg",
        "is_closed": false, "url": "https://www.yelp.com/biz/t-rex-grill-denver?adjust_creative=34C0zepaqieGLijQXveHVQ&utm_campaign=yelp_api_v3&utm_medium=api_v3_business_search&utm_source=34C0zepaqieGLijQXveHVQ",
        "review_count": 3, "categories": [{"alias": "pizza", "title": "Pizza"}, {"alias":
        "tradamerican", "title": "American (Traditional)"}, {"alias": "cafeteria",
        "title": "Cafeteria"}], "rating": 2.0, "coordinates": {"latitude": 39.7475103,
        "longitude": -104.9409349}, "transactions": [], "location": {"address1": "2001
        Colorado Blvd", "address2": "", "address3": null, "city": "Denver", "zip_code":
        "80205", "country": "US", "state": "CO", "display_address": ["2001 Colorado
        Blvd", "Denver, CO 80205"]}, "phone": "", "display_phone": "", "distance":
        185.39646120988616}], "total": 3, "region": {"center": {"longitude": -104.940935,
        "latitude": 39.74751}}}'
  recorded_at: Tue, 23 Aug 2022 23:49:58 GMT
- request:
    method: get
    uri: https://api.yelp.com/v3/businesses/4pzg3Y6pSJmNfxmw6Cj-UQ
    body:
      encoding: US-ASCII
      string: ''
    headers:
      Authorization:
      - Bearer yHNb6Kv_cFPbndvJzOnKVu18JiMhmWt_OlzlERs31K7FXxtqBUU3RVs5XkReigJVo6MkfEnp3ry73ioW2VSgMyelZ1T5p16cjyErW7H0U5xvLeXEl90ImwTpZPYEY3Yx
      User-Agent:
      - Faraday v2.3.0
      Accept-Encoding:
      - gzip;q=1.0,deflate;q=0.6,identity;q=0.3
      Accept:
      - "*/*"
  response:
    status:
      code: 200
      message: OK
    headers:
      Connection:
      - keep-alive
      Content-Type:
      - application/json
      X-Zipkin-Id:
      - ac6a182586675aa5
      Ratelimit-Dailylimit:
      - '5000'
      Ratelimit-Remaining:
      - '4963'
      X-B3-Sampled:
      - '0'
      Ratelimit-Resettime:
      - '2022-08-24T00:00:00+00:00'
      Server:
      - envoy
      X-Routing-Service:
      - routing-main--useast1-54445cf4f-xgq75; site=public_api_v3
      X-Cloudmap:
      - routing_useast1
      X-Mode:
      - ro
      X-Proxied:
      - 10-65-103-189-useast1aprod
      X-Extlb:
      - 10-65-103-189-useast1aprod
      Cache-Control:
      - max-age=0, no-store, private, no-transform
      Accept-Ranges:
      - bytes
      Date:
      - Tue, 23 Aug 2022 23:49:58 GMT
      Via:
      - 1.1 varnish
      X-Served-By:
      - cache-pdk17876-PDK
      X-Cache:
      - MISS
      X-Cache-Hits:
      - '0'
      Vary:
      - Accept-Encoding
      Transfer-Encoding:
      - chunked
    body:
      encoding: ASCII-8BIT
      string: '{"id": "4pzg3Y6pSJmNfxmw6Cj-UQ", "alias": "t-rex-grill-denver", "name":
        "T Rex Grill", "image_url": "https://s3-media2.fl.yelpcdn.com/bphoto/D76tWTwSxj-eyES641YOrA/o.jpg",
        "is_claimed": false, "is_closed": false, "url": "https://www.yelp.com/biz/t-rex-grill-denver?adjust_creative=34C0zepaqieGLijQXveHVQ&utm_campaign=yelp_api_v3&utm_medium=api_v3_business_lookup&utm_source=34C0zepaqieGLijQXveHVQ",
        "phone": "", "display_phone": "", "review_count": 3, "categories": [{"alias":
        "pizza", "title": "Pizza"}, {"alias": "tradamerican", "title": "American (Traditional)"},
        {"alias": "cafeteria", "title": "Cafeteria"}], "rating": 2.0, "location":
        {"address1": "2001 Colorado Blvd", "address2": "", "address3": null, "city":
        "Denver", "zip_code": "80205", "country": "US", "state": "CO", "display_address":
        ["2001 Colorado Blvd", "Denver, CO 80205"], "cross_streets": ""}, "coordinates":
        {"latitude": 39.7475103, "longitude": -104.9409349}, "photos": ["https://s3-media2.fl.yelpcdn.com/bphoto/D76tWTwSxj-eyES641YOrA/o.jpg",
        "https://s3-media2.fl.yelpcdn.com/bphoto/jwFGB5ZqPaGevSTvmkoGeA/o.jpg", "https://s3-media3.fl.yelpcdn.com/bphoto/mhjJ-C6b1QWRqDEMQaljRQ/o.jpg"],
        "hours": [{"open": [{"is_overnight": false, "start": "0900", "end": "1700",
        "day": 0}, {"is_overnight": false, "start": "0900", "end": "1700", "day":
        1}, {"is_overnight": false, "start": "0900", "end": "1700", "day": 2}, {"is_overnight":
        false, "start": "0900", "end": "1700", "day": 3}, {"is_overnight": false,
        "start": "0900", "end": "1700", "day": 4}, {"is_overnight": false, "start":
        "0900", "end": "1700", "day": 5}, {"is_overnight": false, "start": "0900",
        "end": "1700", "day": 6}], "hours_type": "REGULAR", "is_open_now": false}],
        "transactions": []}'
  recorded_at: Tue, 23 Aug 2022 23:49:58 GMT
recorded_with: VCR 6.1.0
